// Jest Snapshot v1, https://goo.gl/fbAQLP

exports[`DialoguesList produces correct snapshot of multiple messages 1`] = `
<div>
  <div
    className="message-container bubble-from-left"
  >
    <div
      className="MuiAvatar-root MuiAvatar-circular css-1u8q9pb-MuiAvatar-root"
    >
      <img
        alt="id3333-image"
        className="MuiAvatar-img css-1pqm26d-MuiAvatar-img"
        src="https://play-lh.googleusercontent.com/zepWGavYYErAIBXFZb6OT14I6b-m4TyaG3yjqZy6Hnsmi64vL3upQ3KUsV6Wnsm-e9M=w512"
      />
    </div>
    <div
      className="bubble others bubble-text"
    >
      <p
        className="MuiTypography-root MuiTypography-body1 css-ahj2mt-MuiTypography-root"
      >
        random message
      </p>
    </div>
  </div>
  <div
    className="message-container bubble-from-right"
  >
    <div
      className="bubble me bubble-img"
    >
      <p
        className="MuiTypography-root MuiTypography-body1 css-ahj2mt-MuiTypography-root"
      >
        <img
          alt="imageMessage"
          className="content-img"
          src="https://play-lh.googleusercontent.com/zepWGavYYErAIBXFZb6OT14I6b-m4TyaG3yjqZy6Hnsmi64vL3upQ3KUsV6Wnsm-e9M=w512"
        />
      </p>
    </div>
  </div>
  <div
    className="bottom"
  />
</div>
`;
