// Jest Snapshot v1, https://goo.gl/fbAQLP

exports[`Render Login Button should display the Toggle text 1`] = `
Array [
  <p
    className="MuiTypography-root MuiTypography-body1 css-1m3pcfa-MuiTypography-root"
  >
    Pairing Mode:
  </p>,
  <div
    className="MuiToggleButtonGroup-root container css-1gjgmky-MuiToggleButtonGroup-root"
    role="group"
  >
    <button
      aria-pressed={false}
      className="MuiButtonBase-root MuiToggleButton-root MuiToggleButton-sizeMedium MuiToggleButton-standard MuiToggleButtonGroup-grouped MuiToggleButtonGroup-groupedHorizontal css-ueukts-MuiButtonBase-root-MuiToggleButton-root"
      disabled={false}
      onBlur={[Function]}
      onChange={[Function]}
      onClick={[Function]}
      onContextMenu={[Function]}
      onDragLeave={[Function]}
      onFocus={[Function]}
      onKeyDown={[Function]}
      onKeyUp={[Function]}
      onMouseDown={[Function]}
      onMouseLeave={[Function]}
      onMouseUp={[Function]}
      onTouchEnd={[Function]}
      onTouchMove={[Function]}
      onTouchStart={[Function]}
      tabIndex={0}
      type="button"
      value={true}
    >
      On
    </button>
    <button
      aria-pressed={false}
      className="MuiButtonBase-root MuiToggleButton-root MuiToggleButton-sizeMedium MuiToggleButton-standard MuiToggleButtonGroup-grouped MuiToggleButtonGroup-groupedHorizontal css-ueukts-MuiButtonBase-root-MuiToggleButton-root"
      disabled={false}
      onBlur={[Function]}
      onChange={[Function]}
      onClick={[Function]}
      onContextMenu={[Function]}
      onDragLeave={[Function]}
      onFocus={[Function]}
      onKeyDown={[Function]}
      onKeyUp={[Function]}
      onMouseDown={[Function]}
      onMouseLeave={[Function]}
      onMouseUp={[Function]}
      onTouchEnd={[Function]}
      onTouchMove={[Function]}
      onTouchStart={[Function]}
      tabIndex={0}
      type="button"
      value={false}
    >
      Off
    </button>
  </div>,
]
`;
