// Jest Snapshot v1, https://goo.gl/fbAQLP

exports[`Carousel Page produces the correct DOM tree with rendered 1`] = `
<div>
  <h5
    className="MuiTypography-root MuiTypography-h5 title css-ag7rrr-MuiTypography-root"
  >
    title_content
  </h5>
  <h6
    className="MuiTypography-root MuiTypography-subtitle2 description css-dd2x5a-MuiTypography-root"
  >
    description_content
  </h6>
</div>
`;
